files/77.csv
id,week,center_id,meal_id,checkout_price,base_price,emailer_for_promotion,homepage_featured,num_orders
1041124,1,77,1062,166.87,166.87,0,0,176
1096227,2,77,1062,177.51,179.51,0,0,135
1187213,3,77,1062,179.48,180.48,0,0,161
1355130,4,77,1062,181.39,183.39,0,0,229
1364713,5,77,1062,173.66,174.66,0,0,161
1243206,6,77,1062,160.05,162.05,0,0,311
1349131,7,77,1062,160.11,160.11,0,0,324
1050553,8,77,1062,159.08,159.08,0,0,243
1080189,9,77,1062,157.14,158.14,0,0,310
1092996,10,77,1062,159.11,158.11,0,0,270
1421499,11,77,1062,160.05,161.05,0,0,134
1083394,12,77,1062,154.23,156.23,0,0,365
1491101,13,77,1062,183.33,184.33,0,0,123
1372981,14,77,1062,179.45,181.45,0,0,134
1218977,15,77,1062,183.33,185.33,0,0,109
1182609,16,77,1062,184.33,185.33,0,0,121
1086644,17,77,1062,160.08,185.33,0,0,271
1272780,18,77,1062,158.14,184.33,1,0,271
1345417,19,77,1062,162.02,184.33,0,0,176
1041839,20,77,1062,161.08,183.33,0,0,177
1171278,21,77,1062,161.08,185.33,0,0,297
1306556,22,77,1062,162.05,184.33,0,0,230
1262849,23,77,1062,159.11,183.33,0,0,217
1090406,24,77,1062,179.51,177.51,0,0,244
1418201,25,77,1062,182.42,182.42,0,0,243
1329988,26,77,1062,181.45,181.45,0,0,135
1200026,27,77,1062,174.66,172.66,0,0,256
1454064,28,77,1062,178.51,179.51,0,0,269
1390369,29,77,1062,163.93,164.93,0,0,269
1449293,30,77,1062,155.26,155.26,0,0,270
1473826,31,77,1062,161.08,161.08,0,0,177
1208403,32,77,1062,159.11,161.08,1,0,297
1452656,33,77,1062,157.14,157.14,0,0,176
1285626,34,77,1062,156.17,157.17,0,0,323
1409612,35,77,1062,161.08,159.08,0,0,176
1138083,36,77,1062,156.2,155.2,0,0,285
1456644,37,77,1062,175.57,176.57,0,0,297
1424848,38,77,1062,175.57,176.57,0,0,67
1076803,39,77,1062,179.48,179.48,0,0,204
1416942,40,77,1062,179.45,179.45,0,0,215
1186390,41,77,1062,180.42,181.42,0,0,175
1495338,42,77,1062,176.6,175.6,0,0,161
1213158,43,77,1062,178.51,178.51,0,0,135
1127200,44,77,1062,183.33,183.33,0,0,175
1023853,45,77,1062,179.51,177.51,0,0,161
1490412,46,77,1062,178.51,178.51,0,0,231
1001636,47,77,1062,185.33,183.33,0,0,96
1312101,48,77,1062,181.39,183.39,0,0,135
1310253,49,77,1062,176.6,174.6,0,0,135
1351485,50,77,1062,180.48,180.48,0,0,108
1193461,51,77,1062,181.42,180.42,0,0,42
1116054,52,77,1062,175.57,177.57,0,0,122
1104762,53,77,1062,177.51,178.51,0,0,177
1372885,54,77,1062,176.54,177.54,0,0,123
1322036,55,77,1062,179.45,181.45,0,0,310
1167333,56,77,1062,177.54,177.54,0,0,217
1182539,57,77,1062,159.14,177.54,0,0,215
1386301,58,77,1062,152.29,176.54,0,0,123
1281876,59,77,1062,161.05,161.05,0,0,258
1409376,60,77,1062,142.65,162.05,0,0,134
1216113,61,77,1062,163.02,162.02,0,0,339
1241301,62,77,1062,173.69,171.69,0,0,108
1370055,63,77,1062,177.51,178.51,0,0,244
1248118,64,77,1062,180.48,179.48,0,0,297
1311020,65,77,1062,177.51,178.51,0,0,217
1244271,66,77,1062,179.48,178.48,0,0,339
1496082,67,77,1062,176.54,177.54,0,0,202
1302786,68,77,1062,178.51,178.51,0,0,216
1082459,69,77,1062,181.45,181.45,0,0,68
1432071,70,77,1062,175.6,176.6,0,0,230
1297137,71,77,1062,183.33,183.33,0,0,148
1296226,72,77,1062,175.57,176.57,0,0,203
1299012,73,77,1062,174.66,172.66,0,0,108
1298887,74,77,1062,180.42,181.42,0,0,148
1368599,75,77,1062,178.48,178.48,0,0,188
1359851,76,77,1062,179.51,177.51,0,0,177
1467473,77,77,1062,180.48,178.48,0,0,149
1401464,78,77,1062,178.48,180.48,0,0,148
1472543,79,77,1062,179.45,179.45,0,0,134
1322733,80,77,1062,181.45,179.45,0,0,177
1176768,81,77,1062,178.51,178.51,0,0,175
1114895,82,77,1062,180.48,179.48,0,0,162
1208883,83,77,1062,172.66,174.66,0,0,177
1045710,84,77,1062,175.6,176.6,0,0,107
1327993,85,77,1062,180.42,182.42,0,0,162
1133022,86,77,1062,180.45,181.45,0,0,215
1003977,87,77,1062,177.54,177.54,0,0,176
1278728,88,77,1062,158.11,177.54,0,0,324
1146200,89,77,1062,159.14,177.54,0,0,243
1431781,90,77,1062,156.23,178.54,0,0,217
1364220,91,77,1062,157.17,178.54,0,0,204
1142557,92,77,1062,160.05,161.05,0,0,134
1298525,93,77,1062,156.2,156.2,0,0,297
1076606,94,77,1062,157.17,157.2,1,0,271
1267301,95,77,1062,157.2,156.2,0,0,243
1222537,96,77,1062,156.17,157.17,0,0,215
1107495,97,77,1062,162.05,162.05,0,0,163
1241398,98,77,1062,148.44,147.44,0,0,189
1235182,99,77,1062,152.29,153.29,0,0,95
1253764,100,77,1062,161.05,162.05,0,0,177
1074548,101,77,1062,160.11,160.05,1,0,231
1058590,102,77,1062,152.35,162.05,1,0,271
1265158,103,77,1062,163.99,161.05,1,0,177
1105967,104,77,1062,158.17,157.17,0,0,150
1316382,105,77,1062,155.2,157.2,0,0,135
1166429,106,77,1062,155.23,156.23,0,0,244
1311850,107,77,1062,158.17,156.17,0,0,283
1386632,108,77,1062,160.11,158.11,0,0,269
1081412,109,77,1062,162.96,162.96,0,0,244
1434128,110,77,1062,182.39,181.39,0,0,123
1431153,111,77,1062,176.54,177.54,0,0,175
1227471,112,77,1062,180.42,182.42,0,0,163
1398063,113,77,1062,158.11,180.42,0,1,161
1439643,114,77,1062,160.05,182.42,1,1,257
1177712,115,77,1062,157.14,180.42,0,1,271
1208835,116,77,1062,158.14,182.42,1,1,257
1316450,117,77,1062,178.48,178.48,0,0,175
1225470,118,77,1062,182.42,181.42,0,0,81
1142523,119,77,1062,178.48,179.48,0,0,202
1421933,120,77,1062,180.45,179.45,0,0,175
1118162,121,77,1062,181.45,181.45,0,0,123
1289687,122,77,1062,176.57,177.57,0,0,94
1428774,123,77,1062,184.33,184.33,0,0,162
1484248,124,77,1062,182.36,183.36,0,0,216
1451589,125,77,1062,170.75,171.75,0,0,256
1051243,126,77,1062,182.42,180.42,0,0,203
1115973,127,77,1062,179.48,179.48,0,0,203
1180832,128,77,1062,170.75,170.75,0,0,148
1498519,129,77,1062,173.63,175.63,0,0,269
1049911,130,77,1062,184.36,182.36,0,0,269
1166386,131,77,1062,176.54,176.54,0,0,148
1334665,132,77,1062,161.08,178.54,1,1,339
1194540,133,77,1062,159.11,178.54,0,1,460
1483125,134,77,1062,162.02,178.54,0,1,216
1010544,135,77,1062,159.08,160.08,0,0,229
1452709,136,77,1062,151.32,153.32,0,0,391
1015516,137,77,1062,162.05,161.05,0,0,109
1494569,138,77,1062,169.81,168.81,0,0,163
1396261,139,77,1062,176.57,176.57,0,0,204
1414590,140,77,1062,177.57,176.57,0,0,190
1475558,141,77,1062,161.05,162.05,0,0,229
1247015,142,77,1062,162.05,160.05,0,0,204
1070820,143,77,1062,154.26,155.26,0,0,149
1025093,144,77,1062,157.2,157.2,0,0,136
1277939,145,77,1062,169.78,156.2,1,0,404
1058317,1,77,2707,190.12,227.95,0,0,188
1375232,2,77,2707,195,229.95,0,0,94
1481462,3,77,2707,194.06,227.95,0,0,217
1438867,4,77,2707,180.48,229.95,0,0,323
1171569,5,77,2707,204.7,227.95,0,0,215
1155131,6,77,2707,219.25,218.25,0,0,177
1334850,7,77,2707,216.31,217.31,0,0,189
1449533,8,77,2707,228.92,229.92,0,0,94
1353766,9,77,2707,225.04,225.04,0,0,95
1415865,10,77,2707,228.92,229.92,0,0,95
1164177,11,77,2707,226.04,225.04,0,0,81
1007572,12,77,2707,189.15,226.04,0,0,162
1327158,13,77,2707,195.03,225.04,0,0,123
1314439,14,77,2707,196,226.04,0,0,134
1156452,15,77,2707,195,225.04,0,0,161
1230472,16,77,2707,191.12,226.04,0,0,188
1372904,17,77,2707,194.03,227.04,0,0,189
1220013,18,77,2707,191.12,190.12,0,0,162
1243073,19,77,2707,227.98,227.98,0,0,121
1199513,20,77,2707,224.1,223.1,0,0,203
1044222,21,77,2707,224.13,222.13,0,0,136
1473896,22,77,2707,230.92,228.92,0,0,109
1492536,23,77,2707,227.98,227.98,0,0,122
1067054,24,77,2707,231.89,229.89,0,0,176
1002540,25,77,2707,231.89,230.89,0,0,136
1249058,26,77,2707,228.98,228.98,0,0,69
1121841,27,77,2707,232.83,232.83,0,0,69
1225050,28,77,2707,225.07,225.07,0,0,80
1246424,29,77,2707,233.83,231.83,0,0,81
1431794,30,77,2707,227.01,228.01,0,0,54
1133266,31,77,2707,224.13,223.13,0,0,121
1064287,32,77,2707,218.28,217.28,0,0,121
1392038,33,77,2707,220.22,219.22,0,0,123
1123474,34,77,2707,229.92,230.92,0,0,108
1081794,35,77,2707,233.83,231.83,0,0,69
1179544,36,77,2707,232.83,233.83,0,0,54
1335710,37,77,2707,232.83,231.83,0,0,94
1459335,38,77,2707,232.83,233.83,0,0,28
1125293,39,77,2707,225.04,227.04,0,0,134
1071211,40,77,2707,217.28,217.28,0,0,41
1465881,41,77,2707,227.95,227.95,0,0,82
1231490,42,77,2707,231.83,233.83,0,0,121
1367478,43,77,2707,233.83,232.83,0,0,135
1411618,44,77,2707,228.95,229.95,0,0,134
1413440,45,77,2707,220.19,220.19,0,0,204
1237412,46,77,2707,224.1,224.1,0,0,136
1226714,47,77,2707,230.89,231.89,0,0,136
1073426,48,77,2707,192.06,231.89,1,0,162
1224571,49,77,2707,189.21,229.89,0,0,81
1405961,50,77,2707,194,231.89,0,0,40
1088838,51,77,2707,194,231.89,0,0,80
1133312,52,77,2707,193.09,229.89,0,0,163
1012507,53,77,2707,189.15,229.89,0,0,123
1018539,54,77,2707,186.24,230.89,0,0,122
1210108,55,77,2707,192.09,193.09,0,0,177
1117050,56,77,2707,225.07,226.07,0,0,82
1352063,57,77,2707,224.07,225.07,0,0,122
1336009,58,77,2707,218.25,218.25,0,0,134
1196266,59,77,2707,225.1,223.1,0,0,135
1027315,60,77,2707,223.16,221.16,0,0,80
1106673,61,77,2707,226.01,228.01,0,0,95
1024261,62,77,2707,229.92,230.92,0,0,68
1053990,63,77,2707,232.83,232.83,0,0,82
1125711,64,77,2707,229.92,228.92,0,0,136
1094644,65,77,2707,228.98,226.98,0,0,68
1092789,66,77,2707,223.13,222.13,0,0,161
1152992,67,77,2707,220.19,222.19,0,0,136
1445290,68,77,2707,232.83,232.83,0,0,163
1242127,69,77,2707,229.92,229.92,0,0,96
1128660,70,77,2707,229.92,228.92,0,0,41
1488741,71,77,2707,217.31,216.31,0,0,203
1139428,72,77,2707,189.18,217.31,1,0,134
1212778,73,77,2707,194.06,218.31,0,0,323
1309896,74,77,2707,191.09,216.31,0,0,163
1363405,75,77,2707,178.48,216.31,0,0,95
1401043,76,77,2707,194,218.31,0,0,82
1201880,77,77,2707,225.07,226.07,0,0,94
1454402,78,77,2707,225.07,225.07,0,0,121
1206533,79,77,2707,217.34,217.34,0,0,95
1272658,80,77,2707,203.7,205.7,0,0,122
1200344,81,77,2707,173.69,205.7,0,0,188
1466162,82,77,2707,212.43,213.43,0,0,80
1267083,83,77,2707,187.27,212.43,1,1,298
1134432,84,77,2707,216.37,214.43,0,1,215
1352242,85,77,2707,191.12,214.43,0,1,310
1116896,86,77,2707,190.15,212.43,0,1,148
1308990,87,77,2707,178.48,212.43,0,0,243
1023742,88,77,2707,193.09,213.43,0,0,215
1155181,89,77,2707,192.09,191.09,0,0,161
1111005,90,77,2707,214.4,214.4,0,0,150
1407900,91,77,2707,192.12,214.4,0,0,216
1031180,92,77,2707,192.06,193.06,0,0,150
1006511,93,77,2707,192.06,192.06,0,0,163
1078428,94,77,2707,194,193.06,1,0,150
1392918,95,77,2707,196,194,0,0,95
1399491,96,77,2707,196,194,0,0,175
1298235,97,77,2707,189.15,190.15,0,0,230
1119429,98,77,2707,169.81,190.15,0,0,175
1292194,99,77,2707,194.06,192.06,0,0,148
1312640,100,77,2707,192.06,192.06,0,0,217
1039752,101,77,2707,194.06,192.06,1,0,107
1457029,102,77,2707,193.06,192.06,1,0,123
1278267,103,77,2707,188.24,194.06,1,0,149
1239105,104,77,2707,183.36,183.36,0,0,188
1115390,105,77,2707,190.12,191.12,0,0,149
1246493,106,77,2707,194.06,192.06,0,0,202
1358398,107,77,2707,192.12,192.12,0,0,176
1417442,108,77,2707,194.06,192.06,0,0,80
1413139,109,77,2707,190.12,190.12,0,0,175
1099777,110,77,2707,190.12,191.12,0,0,149
1056675,111,77,2707,183.36,182.36,0,0,121
1408692,112,77,2707,173.63,174.63,0,0,107
1404174,113,77,2707,184.3,185.3,0,0,177
1313270,114,77,2707,189.21,188.21,0,0,175
1096880,115,77,2707,190.15,191.15,0,0,203
1281921,116,77,2707,188.18,190.18,0,0,229
1359283,117,77,2707,191.09,191.09,0,0,216
1303830,118,77,2707,191.15,191.15,0,0,271
1301665,119,77,2707,184.3,184.3,0,0,271
1071556,120,77,2707,191.12,191.12,0,0,163
1364249,121,77,2707,189.18,190.18,0,0,202
1293877,122,77,2707,193.09,192.09,0,0,189
1406184,123,77,2707,190.15,191.15,0,0,243
1138549,124,77,2707,180.48,190.15,1,0,256
1234850,125,77,2707,182.42,181.42,0,0,176
1308707,126,77,2707,182.36,183.36,0,0,162
1359823,127,77,2707,182.39,181.39,0,0,203
1263522,128,77,2707,190.12,191.12,0,0,107
1095117,129,77,2707,192.12,191.12,0,0,149
1334052,130,77,2707,190.18,190.18,0,0,215
1084669,131,77,2707,190.18,189.18,0,0,310
1216226,132,77,2707,194.06,194.06,0,0,161
1009441,133,77,2707,192.09,192.09,0,0,216
1435362,134,77,2707,188.18,188.18,0,0,231
1045638,135,77,2707,190.12,190.12,0,0,96
1116876,136,77,2707,177.51,177.51,0,0,203
1401025,137,77,2707,188.24,186.24,0,0,136
1471946,138,77,2707,194.06,192.06,0,0,258
1499556,139,77,2707,181.42,180.42,0,0,231
1359139,140,77,2707,216.34,215.34,0,0,162
1170081,141,77,2707,209.58,209.58,0,0,188
1245874,142,77,2707,223.16,223.16,0,0,107
1026830,143,77,2707,221.22,221.22,0,0,162
1271951,144,77,2707,214.4,214.4,0,0,176
1422620,145,77,2707,206.67,206.67,0,0,189
1016175,1,77,1207,315.28,316.28,0,0,95
1184943,2,77,1207,325.98,325.98,0,0,69
1143880,3,77,1207,323.01,323.01,0,0,80
1184575,4,77,1207,315.28,315.28,0,0,134
1407323,5,77,1207,325.01,325.01,0,0,40
1026927,6,77,1207,325.01,325.01,0,0,15
1373015,7,77,1207,318.19,319.19,0,0,68
1280951,8,77,1207,313.37,312.37,0,0,109
1012900,9,77,1207,320.1,321.1,0,0,134
1222460,10,77,1207,313.31,314.31,0,0,80
1333000,11,77,1207,324.98,323.98,0,0,55
1135191,12,77,1207,307.49,309.49,0,0,53
1063167,13,77,1207,324.01,324.01,0,0,67
1374517,14,77,1207,318.19,319.19,0,0,67
1261498,15,77,1207,319.19,319.19,0,0,135
1003920,16,77,1207,320.1,322.1,0,0,108
1128956,17,77,1207,302.7,320.1,1,0,94
1275053,18,77,1207,325.98,320.1,1,0,81
1160532,19,77,1207,317.25,315.25,0,0,54
1016703,20,77,1207,322.1,322.1,0,0,123
1248711,21,77,1207,312.4,310.4,0,0,68
1216145,22,77,1207,324.98,324.98,0,0,94
1418534,23,77,1207,320.13,319.13,0,0,108
1284401,24,77,1207,319.16,320.16,0,0,81
1280942,25,77,1207,321.1,320.1,0,0,175
1141096,26,77,1207,320.16,318.16,0,0,54
1046056,27,77,1207,323.01,324.01,0,0,177
1293924,28,77,1207,324.01,324.01,0,0,40
1373530,29,77,1207,321.07,321.07,0,0,188
1278163,30,77,1207,321.07,322.07,0,0,203
1349334,31,77,1207,325.98,324.98,0,0,136
1230758,32,77,1207,310.46,309.46,0,0,177
1181687,33,77,1207,323.98,325.98,0,0,163
1000673,34,77,1207,321.07,322.07,0,0,202
1042035,35,77,1207,316.28,315.28,0,0,189
1301742,36,77,1207,322.1,320.1,0,0,229
1377826,37,77,1207,325.01,324.01,0,0,122
1054429,38,77,1207,324.01,323.01,0,0,54
1460834,39,77,1207,319.19,317.19,0,0,55
1331298,40,77,1207,320.13,321.13,0,0,94
1362269,41,77,1207,283.27,321.13,0,0,203
1485389,42,77,1207,324.98,324.98,0,0,41
1299018,43,77,1207,322.07,321.07,0,0,148
1326162,44,77,1207,325.01,323.01,0,0,68
1463819,45,77,1207,308.49,309.49,0,0,54
1021155,46,77,1207,315.25,315.25,0,0,54
1170167,47,77,1207,325.98,325.98,0,0,28
1173384,48,77,1207,315.28,315.28,0,0,149
1299057,49,77,1207,290.03,316.28,1,0,94
1239565,50,77,1207,278.39,314.28,0,0,175
1338541,51,77,1207,285.21,314.28,1,0,136
1453644,52,77,1207,281.3,315.28,1,1,256
1128082,53,77,1207,308.49,309.49,0,0,134
1376008,54,77,1207,308.49,309.49,0,0,27
1063102,55,77,1207,306.55,305.55,0,0,95
1371016,56,77,1207,320.16,318.16,0,0,82
1421678,57,77,1207,317.19,318.19,0,0,135
1097264,58,77,1207,322.1,321.1,0,0,136
1382561,59,77,1207,298.79,299.79,0,0,68
1157681,60,77,1207,292.97,292.97,0,0,54
1071956,61,77,1207,297.82,297.82,0,0,149
1154321,62,77,1207,321.1,322.1,0,0,82
1047226,63,77,1207,316.28,315.28,0,0,42
1009811,64,77,1207,309.46,310.46,0,0,26
1282235,65,77,1207,319.16,319.16,0,0,80
1204216,66,77,1207,316.25,316.25,0,0,41
1056282,67,77,1207,320.16,319.16,0,0,81
1336675,68,77,1207,273.57,320.16,0,0,96
1128005,69,77,1207,315.25,317.25,0,0,55
1099272,70,77,1207,324.98,324.98,0,0,94
1435784,71,77,1207,309.46,310.46,0,0,26
1250554,72,77,1207,324.01,324.01,0,0,53
1069846,73,77,1207,275.48,324.01,0,0,28
1084826,74,77,1207,311.4,311.4,0,0,68
1456438,75,77,1207,287.18,287.18,0,0,69
1048911,76,77,1207,323.98,324.98,0,0,96
1267552,77,77,1207,316.25,315.25,0,0,107
1109093,78,77,1207,318.16,318.16,0,0,81
1323898,79,77,1207,325.98,323.98,0,0,69
1083908,80,77,1207,314.31,313.31,0,0,123
1308123,81,77,1207,315.31,314.31,0,0,41
1292749,82,77,1207,323.01,324.01,0,0,107
1045604,83,77,1207,316.25,315.25,0,0,109
1348140,84,77,1207,325.98,323.98,0,0,27
1135590,85,77,1207,323.98,323.98,0,0,27
1142243,86,77,1207,324.98,323.98,0,0,109
1314298,87,77,1207,323.01,323.01,0,0,42
1273956,88,77,1207,325.98,323.98,0,0,54
1474939,89,77,1207,325.98,324.98,0,0,55
1472752,90,77,1207,324.98,324.98,0,0,41
1092848,91,77,1207,324.01,325.01,0,0,80
1230142,92,77,1207,323.98,324.98,0,0,41
1381089,93,77,1207,320.1,322.1,0,0,121
1006558,94,77,1207,324.01,323.01,0,0,28
1449951,95,77,1207,312.37,312.37,0,0,109
1303537,96,77,1207,325.98,323.98,0,0,95
1116113,97,77,1207,305.55,306.55,0,0,68
1143288,98,77,1207,323.98,325.98,0,0,41
1065782,99,77,1207,290.03,323.98,0,0,67
1225672,100,77,1207,316.28,315.28,0,0,134
1129783,101,77,1207,286.15,314.28,1,0,96
1119738,102,77,1207,281.3,316.28,0,0,189
1475483,103,77,1207,290.03,292.03,0,0,135
1367397,104,77,1207,284.24,292.03,0,1,136
1258830,105,77,1207,282.33,291.03,0,1,163
1129221,106,77,1207,285.24,285.24,0,0,176
1382757,107,77,1207,290.03,290.03,0,0,41
1206977,108,77,1207,289.12,288.12,0,0,134
1334154,109,77,1207,279.39,279.39,0,0,135
1441741,110,77,1207,321.1,279.39,0,1,136
1128122,111,77,1207,321.13,279.39,1,1,108
1435011,112,77,1207,316.22,279.39,0,1,188
1047195,113,77,1207,319.16,318.16,0,0,175
1242251,114,77,1207,323.98,323.98,0,0,68
1487304,115,77,1207,306.58,304.58,0,0,69
1218595,116,77,1207,324.98,325.98,0,0,55
1456958,117,77,1207,324.98,323.98,0,0,55
1001618,118,77,1207,324.98,323.98,0,0,96
1260698,119,77,1207,311.4,312.4,0,0,27
1251535,120,77,1207,315.31,315.31,0,0,40
1152834,121,77,1207,317.22,313.31,1,1,190
1379290,122,77,1207,316.28,314.28,0,0,96
1418256,123,77,1207,317.22,316.22,0,0,123
1020668,124,77,1207,323.98,323.98,0,0,28
1163639,125,77,1207,293.97,293.97,0,0,53
1245611,127,77,1207,325.01,323.01,0,0,27
1423904,128,77,1207,368.63,367.63,0,0,28
1314280,129,77,1207,323.01,367.63,1,0,80
1019531,130,77,1207,318.22,368.63,0,1,163
1197722,131,77,1207,320.1,367.63,0,1,109
1337517,132,77,1207,318.16,369.63,1,1,217
1477059,133,77,1207,344.41,368.63,0,1,81
1172009,135,77,1207,367.63,368.63,0,0,26
1119305,136,77,1207,358.9,358.9,0,0,54
1494472,137,77,1207,369.63,367.63,0,0,42
1149354,138,77,1207,367.63,367.63,0,0,13
1046594,140,77,1207,367.63,368.63,0,0,40
1335806,141,77,1207,358.9,360.9,0,0,54
1130548,142,77,1207,362.81,363.81,0,0,82
1162524,143,77,1207,369.63,369.63,0,0,15
1260319,144,77,1207,368.63,368.63,0,0,13
