files/77.csv
id,week,center_id,meal_id,checkout_price,base_price,emailer_for_promotion,homepage_featured,num_orders
1126811,1,77,2581,583.03,610.13,1,1,150
1014134,2,77,2581,583.03,610.13,1,0,67
1396613,3,77,2581,610.13,610.13,0,0,53
1286936,4,77,2581,610.13,611.13,0,0,136
1085258,5,77,2581,619.89,618.89,0,0,136
1254404,6,77,2581,620.83,621.83,0,0,123
1096363,7,77,2581,619.83,619.83,0,0,69
1345376,8,77,2581,621.83,619.83,0,0,13
1086299,9,77,2581,582.03,583.03,0,0,94
1069222,10,77,2581,583.03,582.03,0,0,26
1066318,11,77,2581,582.03,583.03,0,0,55
1434631,12,77,2581,533.53,581.03,1,1,161
1397265,13,77,2581,534.53,583.03,1,0,55
1198632,14,77,2581,641.23,640.23,0,0,53
1102897,15,77,2581,641.23,639.23,0,0,15
1399505,16,77,2581,640.23,639.23,0,0,42
1474862,17,77,2581,640.23,641.23,0,0,55
1186538,18,77,2581,640.23,640.23,0,0,40
1070470,19,77,2581,640.23,639.23,0,0,53
1042255,20,77,2581,485.03,641.23,1,0,108
1022349,21,77,2581,485.03,640.23,1,1,53
1296270,22,77,2581,640.23,639.23,0,1,67
1036124,23,77,2581,640.23,639.23,0,1,40
1202921,24,77,2581,639.23,640.23,0,0,41
1000433,25,77,2581,615.04,615.04,0,0,81
1036942,26,77,2581,485.03,614.04,1,0,96
1170753,27,77,2581,486.03,615.04,1,1,95
1251209,28,77,2581,641.23,641.23,0,0,54
1277149,29,77,2581,641.23,640.23,0,0,53
1301079,30,77,2581,641.23,639.23,0,0,41
1103226,31,77,2581,641.23,639.23,0,0,42
1186733,32,77,2581,641.23,639.23,0,0,55
1450696,33,77,2581,641.23,639.23,0,0,26
1215981,34,77,2581,640.23,640.23,0,0,28
1398065,35,77,2581,640.23,639.23,0,0,42
1352090,36,77,2581,641.23,640.23,0,0,14
1325105,37,77,2581,422.01,641.23,1,1,418
1341935,38,77,2581,435.59,640.23,1,1,312
1358045,39,77,2581,433.59,640.23,0,1,312
1117479,40,77,2581,452.05,641.23,0,0,161
1314703,41,77,2581,639.23,639.23,0,0,42
1074807,42,77,2581,640.23,639.23,0,0,13
1097455,43,77,2581,641.23,639.23,0,0,53
1040613,44,77,2581,641.23,641.23,0,0,26
1383707,45,77,2581,533.53,640.23,1,1,69
1343792,46,77,2581,532.53,641.23,1,0,135
1089167,47,77,2581,532.53,641.23,1,0,175
1333759,48,77,2581,640.23,639.23,0,0,26
1450357,49,77,2581,639.23,641.23,0,0,80
1071130,50,77,2581,639.23,639.23,0,0,53
1331105,51,77,2581,639.23,641.23,0,0,67
1352423,52,77,2581,639.23,639.23,0,0,69
1132893,53,77,2581,641.23,641.23,0,0,80
1467300,54,77,2581,639.23,641.23,0,0,95
1409208,55,77,2581,486.03,640.23,1,0,109
1169489,56,77,2581,640.23,639.23,0,0,69
1218938,57,77,2581,640.23,639.23,0,0,96
1318540,58,77,2581,641.23,640.23,0,0,107
1370298,59,77,2581,640.23,639.23,0,0,80
1431498,60,77,2581,641.23,639.23,0,0,69
1020904,61,77,2581,433.59,640.23,1,1,122
1004668,62,77,2581,434.59,639.23,0,1,121
1081236,63,77,2581,434.59,640.23,1,0,297
1082219,64,77,2581,435.59,641.23,1,0,53
1042318,65,77,2581,641.23,639.23,0,0,67
1300179,66,77,2581,640.23,641.23,0,0,80
1350510,67,77,2581,641.23,640.23,0,0,55
1485717,68,77,2581,640.23,639.23,0,0,82
1130349,69,77,2581,641.23,639.23,0,0,95
1397741,70,77,2581,639.23,640.23,0,0,54
1162491,71,77,2581,641.23,641.23,0,0,41
1485950,72,77,2581,640.23,641.23,0,0,41
1472056,73,77,2581,639.23,640.23,0,0,13
1410245,74,77,2581,610.19,609.19,0,0,67
1382678,75,77,2581,484.03,610.19,1,1,271
1140074,76,77,2581,485.03,609.19,1,1,107
1033250,77,77,2581,641.23,608.19,0,1,67
1031855,78,77,2581,639.23,639.23,0,0,27
1307193,79,77,2581,462.69,641.23,1,0,149
1160987,80,77,2581,588.79,588.79,0,0,94
1402084,81,77,2581,640.23,641.23,0,0,28
1382731,82,77,2581,641.23,640.23,0,0,26
1160826,83,77,2581,641.23,641.23,0,0,95
1140714,84,77,2581,502.46,641.23,1,1,229
1225436,85,77,2581,484.03,639.23,1,1,215
1021618,86,77,2581,484.03,641.23,0,0,177
1333408,87,77,2581,486.03,641.23,0,0,190
1406463,88,77,2581,486.03,639.23,0,0,107
1376738,89,77,2581,464.69,641.23,1,0,216
1292908,90,77,2581,496.7,640.23,0,0,149
1234998,91,77,2581,486.03,640.23,0,0,190
1481922,92,77,2581,442.38,640.23,1,0,257
1315776,93,77,2581,435.53,639.23,1,0,161
1462935,94,77,2581,641.23,640.23,0,0,41
1360798,95,77,2581,640.23,640.23,0,0,95
1169423,96,77,2581,641.23,639.23,0,0,107
1267350,97,77,2581,640.23,641.23,0,0,109
1423198,98,77,2581,534.5,641.23,1,1,177
1469584,99,77,2581,534.5,641.23,1,1,148
1376178,100,77,2581,640.23,641.23,0,0,26
1040932,101,77,2581,640.23,639.23,0,0,69
1234711,102,77,2581,640.23,641.23,0,0,81
1186006,103,77,2581,639.23,639.23,0,0,27
1282214,104,77,2581,640.23,641.23,0,0,95
1151146,105,77,2581,641.23,641.23,0,0,96
1094123,106,77,2581,641.23,639.23,0,0,41
1096021,107,77,2581,641.23,641.23,0,0,15
1399736,108,77,2581,486.03,640.23,0,1,378
1452066,109,77,2581,505.43,640.23,1,1,216
1209074,110,77,2581,639.23,639.23,0,0,95
1270528,111,77,2581,641.23,641.23,0,0,40
1069668,112,77,2581,641.23,639.23,0,0,135
1287493,113,77,2581,473.39,639.23,1,1,256
1063031,114,77,2581,463.69,641.23,1,1,325
1383266,115,77,2581,474.36,639.23,1,0,217
1281625,116,77,2581,463.69,640.23,1,0,148
1016973,117,77,2581,430.68,639.23,1,0,94
1265779,118,77,2581,641.23,641.23,0,0,69
1345209,119,77,2581,641.23,639.23,0,0,67
1248873,120,77,2581,660.63,659.63,0,0,55
1187691,121,77,2581,494.76,659.63,1,0,310
1133649,122,77,2581,660.63,660.63,0,0,54
1245767,123,77,2581,527.74,658.63,0,0,136
1279682,124,77,2581,512.19,660.63,0,0,53
1105737,125,77,2581,513.19,659.63,0,0,134
1340682,126,77,2581,511.19,660.63,1,1,175
1084401,127,77,2581,511.19,658.63,1,1,150
1186766,128,77,2581,513.19,660.63,0,0,136
1443021,129,77,2581,513.19,659.63,0,0,68
1121085,130,77,2581,485.03,660.63,1,0,121
1095559,131,77,2581,484.03,658.63,1,1,161
1289967,132,77,2581,529.68,660.63,0,0,150
1398709,133,77,2581,533.53,532.53,0,0,136
1396975,134,77,2581,533.53,534.53,0,0,149
1315738,135,77,2581,532.53,534.53,1,1,217
1291544,136,77,2581,534.53,532.53,1,1,216
1284697,137,77,2581,533.53,533.53,0,0,69
1051475,138,77,2581,533.53,532.53,0,0,122
1124631,139,77,2581,532.53,533.53,0,1,135
1488299,140,77,2581,532.53,533.53,0,0,81
1333297,141,77,2581,508.34,532.53,1,1,325
1170616,142,77,2581,515.07,533.53,1,1,149
1353389,143,77,2581,515.1,516.1,0,0,108
1358186,144,77,2581,512.19,513.19,0,0,177
1042655,145,77,2581,512.19,511.19,0,0,40
1219975,1,77,1962,581.03,611.1,1,1,161
1385336,2,77,1962,582.03,613.1,1,0,53
1481341,3,77,1962,611.13,612.13,0,0,96
1115198,4,77,1962,610.13,612.13,0,0,107
1193146,5,77,1962,619.89,618.89,0,0,122
1003231,6,77,1962,619.83,620.83,0,0,163
1360113,7,77,1962,620.83,621.83,0,0,67
1066239,8,77,1962,615.01,616.01,0,0,54
1324540,9,77,1962,582.03,582.03,0,0,80
1479106,10,77,1962,583.03,582.03,0,0,134
1003428,11,77,1962,585.91,585.91,0,0,135
1058702,12,77,1962,534.53,584.91,1,1,231
1418278,13,77,1962,532.53,586.91,1,1,311
1430220,14,77,1962,640.23,640.23,0,0,81
1084558,15,77,1962,640.23,640.23,0,0,81
1241940,16,77,1962,640.23,640.23,0,0,42
1083739,17,77,1962,641.23,641.23,0,0,96
1241275,18,77,1962,639.23,640.23,0,0,41
1388634,19,77,1962,594.67,592.67,0,0,134
1322262,20,77,1962,485.03,594.67,1,0,122
1391224,21,77,1962,484.03,593.67,1,0,67
1478048,22,77,1962,641.23,593.67,0,1,94
1326034,23,77,1962,640.23,592.67,0,1,108
1093370,24,77,1962,641.23,639.23,0,0,123
1220609,25,77,1962,608.19,609.19,0,0,134
1251245,26,77,1962,485.03,609.19,1,1,149
1338671,27,77,1962,486.03,610.19,1,0,149
1353807,28,77,1962,639.23,641.23,0,0,162
1344792,29,77,1962,641.23,640.23,0,0,94
1351217,30,77,1962,639.23,640.23,0,0,109
1373068,31,77,1962,639.23,641.23,0,0,134
1185659,32,77,1962,640.23,640.23,0,0,136
1097782,33,77,1962,639.23,639.23,0,0,80
1462913,34,77,1962,640.23,639.23,0,0,13
1437134,35,77,1962,640.23,641.23,0,0,134
1396610,36,77,1962,639.23,640.23,0,0,94
1356008,37,77,1962,438.47,641.23,1,1,784
1461268,38,77,1962,443.32,640.23,1,1,310
1024799,39,77,1962,434.59,640.23,0,1,337
1319678,40,77,1962,434.59,641.23,0,0,122
1077091,41,77,1962,639.23,640.23,0,0,108
1430902,42,77,1962,640.23,640.23,0,0,42
1202157,43,77,1962,639.23,641.23,0,0,107
1385059,44,77,1962,622.77,621.77,0,0,161
1079075,45,77,1962,533.53,623.77,1,1,161
1144182,46,77,1962,532.53,622.77,1,0,135
1261529,47,77,1962,532.53,622.77,1,0,108
1038902,48,77,1962,641.23,639.23,0,0,162
1453056,49,77,1962,641.23,640.23,0,0,82
1167897,50,77,1962,639.23,641.23,0,0,80
1371529,51,77,1962,640.23,641.23,0,0,95
1162074,52,77,1962,639.23,640.23,0,0,55
1359408,53,77,1962,639.23,639.23,0,0,135
1473447,54,77,1962,641.23,639.23,0,0,28
1271200,55,77,1962,484.03,639.23,1,0,270
1226155,56,77,1962,641.23,639.23,0,0,54
1205628,57,77,1962,639.23,640.23,0,0,123
1143571,58,77,1962,640.23,641.23,0,0,81
1475109,59,77,1962,639.23,639.23,0,0,69
1425957,60,77,1962,639.23,641.23,0,0,67
1206502,61,77,1962,433.59,639.23,1,1,215
1239348,62,77,1962,435.59,640.23,0,1,215
1039570,63,77,1962,435.59,640.23,1,0,366
1027502,64,77,1962,442.32,640.23,1,1,311
1118150,65,77,1962,639.23,641.23,0,0,82
1275212,66,77,1962,639.23,639.23,0,0,107
1165458,67,77,1962,641.23,640.23,0,0,54
1054509,68,77,1962,640.23,639.23,0,0,67
1382027,69,77,1962,639.23,641.23,0,0,80
1267521,70,77,1962,640.23,639.23,0,0,82
1291311,71,77,1962,641.23,640.23,0,0,81
1194017,72,77,1962,639.23,641.23,0,0,28
1313268,73,77,1962,639.23,641.23,0,0,41
1434516,74,77,1962,582.03,583.03,0,0,109
1275944,75,77,1962,484.03,583.03,1,1,148
1169741,76,77,1962,485.03,582.03,1,1,215
1164977,77,77,1962,641.23,640.23,0,0,40
1035229,78,77,1962,641.23,641.23,0,0,28
1407068,79,77,1962,476.33,639.23,1,1,203
1353994,80,77,1962,640.23,639.23,0,0,68
1195737,81,77,1962,639.23,639.23,0,0,134
1110736,82,77,1962,639.23,639.23,0,0,95
1151255,83,77,1962,639.23,640.23,0,0,95
1335865,84,77,1962,484.03,639.23,1,1,215
1270102,85,77,1962,486.03,640.23,1,1,339
1120924,86,77,1962,485.03,639.23,0,0,135
1040950,87,77,1962,485.03,640.23,0,0,175
1316866,88,77,1962,485.03,641.23,0,0,202
1342243,89,77,1962,462.69,641.23,1,0,244
1430906,90,77,1962,485.03,641.23,0,0,96
1304277,91,77,1962,485.03,640.23,0,0,242
1497812,92,77,1962,436.53,639.23,1,0,229
1344289,93,77,1962,436.53,639.23,1,0,203
1480775,94,77,1962,564.6,639.23,0,0,82
1095962,95,77,1962,640.23,639.23,0,0,95
1039271,96,77,1962,641.23,639.23,0,0,135
1385023,97,77,1962,639.23,641.23,0,0,176
1231276,98,77,1962,533.5,639.23,1,1,203
1364826,99,77,1962,535.5,640.23,1,0,42
1052267,100,77,1962,641.23,639.23,0,0,134
1072394,101,77,1962,640.23,641.23,0,0,27
1285500,102,77,1962,641.23,641.23,0,0,176
1254104,103,77,1962,641.23,639.23,0,0,109
1376155,104,77,1962,641.23,639.23,0,0,69
1274963,105,77,1962,639.23,641.23,0,0,81
1345919,106,77,1962,641.23,639.23,0,0,41
1390176,107,77,1962,641.23,641.23,0,0,42
1095637,108,77,1962,485.03,640.23,0,1,337
1038437,109,77,1962,490.82,639.23,1,0,297
1365010,110,77,1962,639.23,641.23,0,0,161
1269452,111,77,1962,641.23,640.23,0,0,148
1256881,112,77,1962,639.23,639.23,0,0,67
1354548,113,77,1962,463.69,641.23,1,1,351
1168774,114,77,1962,463.69,641.23,1,1,298
1086664,115,77,1962,470.45,640.23,1,0,297
1072995,116,77,1962,472.39,640.23,1,0,257
1145723,117,77,1962,454.96,640.23,1,0,123
1059665,118,77,1962,640.23,641.23,0,0,68
1280386,119,77,1962,639.23,640.23,0,0,54
1060634,120,77,1962,655.75,655.75,0,0,67
1411742,121,77,1962,485,654.75,1,0,188
1122490,122,77,1962,660.63,659.63,0,0,28
1007058,123,77,1962,540.29,659.63,0,0,271
1334613,124,77,1962,513.19,660.63,0,0,41
1277366,125,77,1962,511.19,659.63,0,0,121
1271367,126,77,1962,512.19,658.63,1,1,337
1418552,127,77,1962,512.19,658.63,1,1,325
1230290,128,77,1962,512.19,658.63,0,0,257
1421353,129,77,1962,511.19,658.63,0,0,108
1070363,130,77,1962,487.97,658.63,1,0,176
1233896,131,77,1962,486.03,660.63,1,0,244
1063764,132,77,1962,532.53,660.63,0,0,188
1294788,133,77,1962,533.53,533.53,0,0,94
1157496,134,77,1962,532.53,534.53,0,0,189
1469456,135,77,1962,533.53,532.53,1,1,243
1188066,136,77,1962,533.53,533.53,1,1,188
1207319,137,77,1962,534.53,533.53,0,0,107
1091019,138,77,1962,532.53,533.53,0,0,176
1221215,139,77,1962,533.53,532.53,0,0,177
1466395,140,77,1962,532.53,534.53,0,0,190
1349605,141,77,1962,514.16,534.53,1,1,486
1341962,142,77,1962,514.1,532.53,1,0,216
1121991,143,77,1962,515.07,515.07,0,0,162
1331889,144,77,1962,513.19,513.19,0,0,163
1446989,145,77,1962,513.19,512.19,0,0,150
1145468,1,77,1445,659.63,658.63,0,0,41
1107384,2,77,1445,660.63,658.63,0,0,53
1014505,3,77,1445,659.63,659.63,0,0,41
1199477,4,77,1445,660.63,660.63,0,0,68
1257094,5,77,1445,486.03,659.63,1,1,161
1431117,6,77,1445,484.03,658.63,0,0,231
1376700,7,77,1445,660.63,660.63,0,0,81
1156932,8,77,1445,660.63,658.63,0,0,27
1495614,9,77,1445,436.53,658.63,1,1,271
1318623,10,77,1445,427.77,660.63,1,1,472
1041556,11,77,1445,437.53,659.63,1,1,216
1110443,12,77,1445,659.63,660.63,0,0,42
1331321,13,77,1445,658.63,660.63,0,0,42
1158355,14,77,1445,660.63,660.63,0,0,55
1297260,15,77,1445,659.63,658.63,0,0,69
1399945,16,77,1445,659.63,659.63,0,0,53
1068563,17,77,1445,683.88,683.88,0,0,27
1324702,18,77,1445,658.63,659.63,0,0,53
1161387,19,77,1445,660.63,658.63,0,0,41
1318039,20,77,1445,659.63,658.63,0,0,82
1367362,21,77,1445,658.63,658.63,0,0,26
1042261,22,77,1445,658.63,658.63,0,0,67
1021118,23,77,1445,660.63,658.63,0,0,13
1458575,24,77,1445,532.53,658.63,0,0,14
1024602,25,77,1445,532.53,659.63,0,0,107
1452995,26,77,1445,532.53,658.63,0,0,27
1317217,27,77,1445,532.53,660.63,0,0,42
1396868,29,77,1445,659.63,660.63,0,0,53
1386643,30,77,1445,660.63,660.63,0,0,42
1046959,31,77,1445,660.63,660.63,0,0,67
1038355,33,77,1445,486.03,659.63,1,0,15
1282746,34,77,1445,486.03,659.63,0,0,42
1114773,35,77,1445,631.53,629.53,0,0,13
1148393,36,77,1445,631.53,631.53,0,0,55
1284636,38,77,1445,709.13,707.13,0,0,13
1290027,39,77,1445,631.53,708.13,0,0,41
1364973,40,77,1445,484.03,707.13,1,0,123
1297836,41,77,1445,486.03,709.13,0,0,96
1034889,42,77,1445,630.53,708.13,0,0,68
1200623,43,77,1445,631.53,708.13,0,0,108
1256348,44,77,1445,631.53,708.13,0,0,67
1141005,45,77,1445,630.53,708.13,0,0,53
1311304,46,77,1445,631.53,631.53,0,0,40
1155119,47,77,1445,630.53,631.53,0,0,55
1187178,48,77,1445,629.53,630.53,0,0,81
1236291,49,77,1445,630.53,631.53,0,0,69
1244722,50,77,1445,630.53,630.53,0,0,26
1032600,51,77,1445,549.02,629.53,0,0,80
1258050,52,77,1445,387.03,631.53,1,1,176
1178588,53,77,1445,388.03,629.53,1,1,175
1404511,54,77,1445,631.53,630.53,0,0,28
1271392,55,77,1445,631.53,631.53,0,0,15
1178604,56,77,1445,630.53,631.53,0,0,15
1276216,57,77,1445,629.53,630.53,0,0,27
1362013,58,77,1445,629.53,631.53,0,0,54
1029404,59,77,1445,573.33,571.33,0,0,68
1321218,60,77,1445,484.03,572.33,1,0,41
1242727,61,77,1445,630.53,631.53,0,0,27
1435324,62,77,1445,629.53,631.53,0,0,40
1444764,63,77,1445,629.53,631.53,0,0,14
1445967,64,77,1445,630.53,629.53,0,0,54
1483876,65,77,1445,486.03,631.53,1,1,95
1195559,66,77,1445,629.53,630.53,0,0,13
1307627,67,77,1445,629.53,630.53,0,0,40
1284610,68,77,1445,589.82,588.82,0,0,96
1454048,69,77,1445,485.03,589.82,1,1,163
1423436,70,77,1445,486.03,589.82,1,1,134
1012247,71,77,1445,629.53,629.53,0,0,42
1421953,73,77,1445,631.53,630.53,0,0,82
1372433,75,77,1445,629.53,630.53,0,0,40
1131032,76,77,1445,571.33,572.33,0,0,26
1483932,77,77,1445,513.13,572.33,0,0,55
1237319,78,77,1445,514.13,572.33,0,0,13
1103775,79,77,1445,515.13,571.33,0,0,28
1280514,80,77,1445,514.13,573.33,0,0,28
1094833,82,77,1445,630.53,631.53,0,0,53
1066448,84,77,1445,681.94,680.94,0,0,42
1069062,85,77,1445,709.13,708.13,0,0,53
1432964,87,77,1445,709.13,707.13,0,0,13
1366926,88,77,1445,708.13,707.13,0,0,40
1428930,89,77,1445,709.13,708.13,0,0,14
1315574,90,77,1445,435.53,708.13,1,1,162
1222291,91,77,1445,436.53,709.13,1,1,108
1183949,92,77,1445,707.13,708.13,0,0,15
1324459,93,77,1445,707.13,708.13,0,0,54
1204238,94,77,1445,435.53,709.13,1,1,123
1479473,95,77,1445,435.53,707.13,1,1,229
1239181,98,77,1445,707.13,708.13,0,0,27
1323009,99,77,1445,708.13,707.13,0,0,26
1435683,100,77,1445,437.53,709.13,1,1,162
1369321,101,77,1445,436.53,708.13,0,1,190
1177791,104,77,1445,708.13,708.13,0,0,14
1020075,105,77,1445,708.13,707.13,0,0,14
1039297,106,77,1445,709.13,709.13,1,0,82
1456245,107,77,1445,558.72,709.13,1,1,13
1248883,108,77,1445,709.13,709.13,0,0,55
1264501,109,77,1445,707.13,709.13,0,0,53
1126680,111,77,1445,707.13,707.13,0,0,41
1383466,113,77,1445,709.13,708.13,0,0,15
1064166,114,77,1445,707.13,707.13,0,0,41
1234178,115,77,1445,708.13,708.13,0,0,15
1128369,116,77,1445,728.53,726.53,0,0,13
1056138,117,77,1445,726.53,728.53,0,0,28
1119043,118,77,1445,728.53,727.53,0,0,15
1309375,120,77,1445,727.53,726.53,0,0,13
1292653,122,77,1445,454.96,726.53,1,1,109
1045799,123,77,1445,460.78,726.53,1,1,189
1315351,127,77,1445,727.53,727.53,0,0,15
1444897,130,77,1445,766.33,765.33,0,0,28
1434498,131,77,1445,765.33,765.33,0,0,27
1456401,132,77,1445,766.33,765.33,0,0,40
1311923,133,77,1445,519.95,766.33,1,1,109
1392093,134,77,1445,484.03,767.33,1,1,123
1168610,138,77,1445,727.53,727.53,0,0,15
1016980,139,77,1445,726.53,726.53,0,0,14
1044228,140,77,1445,727.53,726.53,0,0,15
1221128,141,77,1445,726.53,726.53,0,0,14
1262314,142,77,1445,727.53,728.53,0,0,14
1077852,143,77,1445,582.03,726.53,0,1,28
1151661,144,77,1445,583.03,726.53,1,1,81
1352501,145,77,1445,728.53,727.53,0,0,15
